To honour the JVM settings for this build a single-use Daemon process will be forked. For more on this, please refer to https://docs.gradle.org/8.14/userguide/gradle_daemon.html#sec:disabling_the_daemon in the Gradle documentation.
Daemon will be stopped at the end of the build 
> Task :clean
> Task :compileJava FAILED

[Incubating] Problems report is available at: file:///C:/Users/munwa/dev/abn/car-booking-service/build/reports/problems/problems-report.html
.\gradlew.bat : 
At line:1 char:48
+ ... ar-booking-service; .\gradlew.bat clean test --no-daemon 2>&1 | Out-F ...
+                         ~~~~~~~~~~~~~~~~~~~~~~~~~~~~~~~~~~~~~~~~~
    + CategoryInfo          : NotSpecified: (:String) [], RemoteException
    + FullyQualifiedErrorId : NativeCommandError
 
FAILURE: Build failed with an exception.

* What went wrong:
Execution failed for task ':compileJava'.
> Java compilation initialization error
    error: invalid source release: 21

* Try:
> Run with --stacktrace option to get the stack trace.
> Run with --info or --debug option to get more log output.
> Run with --scan to get full insights.
> Get more help at https://help.gradle.org.

BUILD FAILED in 11s
2 actionable tasks: 2 executed
